0	"<UNKNOWN KEYNUM>" "<UNKNOWN KEYNUM>" DEFAULTCOLOR
1	"<UNKNOWN KEYNUM>" "<UNKNOWN KEYNUM>" DEFAULTCOLOR
2	"<UNKNOWN KEYNUM>" "<UNKNOWN KEYNUM>" DEFAULTCOLOR
3	"<UNKNOWN KEYNUM>" "<UNKNOWN KEYNUM>" DEFAULTCOLOR
4	"<UNKNOWN KEYNUM>" "<UNKNOWN KEYNUM>" DEFAULTCOLOR
5	"<UNKNOWN KEYNUM>" "<UNKNOWN KEYNUM>" DEFAULTCOLOR
6	"<UNKNOWN KEYNUM>" "<UNKNOWN KEYNUM>" DEFAULTCOLOR
7	"<UNKNOWN KEYNUM>" "<UNKNOWN KEYNUM>" DEFAULTCOLOR
8	"<UNKNOWN KEYNUM>" "<UNKNOWN KEYNUM>" DEFAULTCOLOR
9	"TAB" "TAB" DEFAULTCOLOR
10	"<UNKNOWN KEYNUM>" "<UNKNOWN KEYNUM>" DEFAULTCOLOR
11	"<UNKNOWN KEYNUM>" "<UNKNOWN KEYNUM>" DEFAULTCOLOR
12	"<UNKNOWN KEYNUM>" "<UNKNOWN KEYNUM>" DEFAULTCOLOR
13	"ENTER" "ENTER" DEFAULTCOLOR
14	"<UNKNOWN KEYNUM>" "<UNKNOWN KEYNUM>" DEFAULTCOLOR
15	"<UNKNOWN KEYNUM>" "<UNKNOWN KEYNUM>" DEFAULTCOLOR
16	"<UNKNOWN KEYNUM>" "<UNKNOWN KEYNUM>" DEFAULTCOLOR
17	"<UNKNOWN KEYNUM>" "<UNKNOWN KEYNUM>" DEFAULTCOLOR
18	"<UNKNOWN KEYNUM>" "<UNKNOWN KEYNUM>" DEFAULTCOLOR
19	"<UNKNOWN KEYNUM>" "<UNKNOWN KEYNUM>" DEFAULTCOLOR
20	"<UNKNOWN KEYNUM>" "<UNKNOWN KEYNUM>" DEFAULTCOLOR
21	"<UNKNOWN KEYNUM>" "<UNKNOWN KEYNUM>" DEFAULTCOLOR
22	"<UNKNOWN KEYNUM>" "<UNKNOWN KEYNUM>" DEFAULTCOLOR
23	"<UNKNOWN KEYNUM>" "<UNKNOWN KEYNUM>" DEFAULTCOLOR
24	"<UNKNOWN KEYNUM>" "<UNKNOWN KEYNUM>" DEFAULTCOLOR
25	"<UNKNOWN KEYNUM>" "<UNKNOWN KEYNUM>" DEFAULTCOLOR
26	"<UNKNOWN KEYNUM>" "<UNKNOWN KEYNUM>" DEFAULTCOLOR
27	"ESCAPE" "ESCAPE" DEFAULTCOLOR
28	"<UNKNOWN KEYNUM>" "<UNKNOWN KEYNUM>" DEFAULTCOLOR
29	"<UNKNOWN KEYNUM>" "<UNKNOWN KEYNUM>" DEFAULTCOLOR
30	"<UNKNOWN KEYNUM>" "<UNKNOWN KEYNUM>" DEFAULTCOLOR
31	"<UNKNOWN KEYNUM>" "<UNKNOWN KEYNUM>" DEFAULTCOLOR
32	"SPACE" "SPACE" DEFAULTCOLOR
33	"!" "!" DEFAULTCOLOR
34	""" """ DEFAULTCOLOR
35	"#" "#" DEFAULTCOLOR
36	"$" "$" DEFAULTCOLOR
37	"BACKSPACE" "BACKSPACE" DEFAULTCOLOR
38	"&" "&" DEFAULTCOLOR
39	"'" "'" DEFAULTCOLOR
40	"(" "(" DEFAULTCOLOR
41	")" ")" DEFAULTCOLOR
42	"*" "*" DEFAULTCOLOR
43	"+" "+" DEFAULTCOLOR
44	"," "," DEFAULTCOLOR
45	"-" "-" DEFAULTCOLOR
46	"." "." DEFAULTCOLOR
47	"/" "/" DEFAULTCOLOR
48	"0" "0" DEFAULTCOLOR
49	"1" "1" DEFAULTCOLOR
50	"2" "2" DEFAULTCOLOR
51	"3" "3" DEFAULTCOLOR
52	"4" "4" DEFAULTCOLOR
53	"5" "5" DEFAULTCOLOR
54	"6" "6" DEFAULTCOLOR
55	"7" "7" DEFAULTCOLOR
56	"8" "8" DEFAULTCOLOR
57	"9" "9" DEFAULTCOLOR
58	":" ":" DEFAULTCOLOR
59	";" ";" DEFAULTCOLOR
60	"<" "<" DEFAULTCOLOR
61	"=" "=" DEFAULTCOLOR
62	">" ">" DEFAULTCOLOR
63	"?" "?" DEFAULTCOLOR
64	"@" "@" DEFAULTCOLOR
65	"A" "A" DEFAULTCOLOR
66	"B" "B" DEFAULTCOLOR
67	"C" "C" DEFAULTCOLOR
68	"D" "D" DEFAULTCOLOR
69	"E" "E" DEFAULTCOLOR
70	"F" "F" DEFAULTCOLOR
71	"G" "G" DEFAULTCOLOR
72	"H" "H" DEFAULTCOLOR
73	"I" "I" DEFAULTCOLOR
74	"J" "J" DEFAULTCOLOR
75	"K" "K" DEFAULTCOLOR
76	"L" "L" DEFAULTCOLOR
77	"M" "M" DEFAULTCOLOR
78	"N" "N" DEFAULTCOLOR
79	"O" "O" DEFAULTCOLOR
80	"P" "P" DEFAULTCOLOR
81	"Q" "Q" DEFAULTCOLOR
82	"R" "R" DEFAULTCOLOR
83	"S" "S" DEFAULTCOLOR
84	"T" "T" DEFAULTCOLOR
85	"U" "U" DEFAULTCOLOR
86	"V" "V" DEFAULTCOLOR
87	"W" "W" DEFAULTCOLOR
88	"X" "X" DEFAULTCOLOR
89	"Y" "Y" DEFAULTCOLOR
90	"Z" "Z" DEFAULTCOLOR
91	"[" "[" DEFAULTCOLOR
92	"\" "\" DEFAULTCOLOR
93	"]" "]" DEFAULTCOLOR
94	"^" "^" DEFAULTCOLOR
95	"_" "_" DEFAULTCOLOR
96	"`" "`" DEFAULTCOLOR
97	"a" "a" DEFAULTCOLOR
98	"b" "b" DEFAULTCOLOR
99	"c" "c" DEFAULTCOLOR
100	"d" "d" DEFAULTCOLOR
101	"e" "e" DEFAULTCOLOR
102	"f" "f" DEFAULTCOLOR
103	"g" "g" DEFAULTCOLOR
104	"h" "h" DEFAULTCOLOR
105	"i" "i" DEFAULTCOLOR
106	"j" "j" DEFAULTCOLOR
107	"k" "k" DEFAULTCOLOR
108	"l" "l" DEFAULTCOLOR
109	"m" "m" DEFAULTCOLOR
110	"n" "n" DEFAULTCOLOR
111	"o" "o" DEFAULTCOLOR
112	"p" "p" DEFAULTCOLOR
113	"q" "q" DEFAULTCOLOR
114	"r" "r" DEFAULTCOLOR
115	"s" "s" DEFAULTCOLOR
116	"t" "t" DEFAULTCOLOR
117	"u" "u" DEFAULTCOLOR
118	"v" "v" DEFAULTCOLOR
119	"w" "w" DEFAULTCOLOR
120	"x" "x" DEFAULTCOLOR
121	"y" "y" DEFAULTCOLOR
122	"z" "z" DEFAULTCOLOR
123	"{" "{" DEFAULTCOLOR
124	"|" "|" DEFAULTCOLOR
125	"}" "}" DEFAULTCOLOR
126	"~" "~" DEFAULTCOLOR
127	"BACKSPACE" "BACKSPACE" DEFAULTCOLOR
128	"UPARROW" "UPARROW" DEFAULTCOLOR
129	"DOWNARROW" "DOWNARROW" DEFAULTCOLOR
130	"LEFTARROW" "LEFTARROW" DEFAULTCOLOR
131	"RIGHTARROW" "RIGHTARROW" DEFAULTCOLOR
132	"ALT" "ALT" DEFAULTCOLOR
133	"CTRL" "CTRL" DEFAULTCOLOR
134	"SHIFT" "SHIFT" DEFAULTCOLOR
135	"F1" "F1" DEFAULTCOLOR
136	"F2" "F2" DEFAULTCOLOR
137	"F3" "F3" DEFAULTCOLOR
138	"F4" "F4" DEFAULTCOLOR
139	"F5" "F5" DEFAULTCOLOR
140	"F6" "F6" DEFAULTCOLOR
141	"F7" "F7" DEFAULTCOLOR
142	"F8" "F8" DEFAULTCOLOR
143	"F9" "F9" DEFAULTCOLOR
144	"F10" "F10" DEFAULTCOLOR
145	"F11" "F11" DEFAULTCOLOR
146	"F12" "F12" DEFAULTCOLOR
147	"INS" "INS" DEFAULTCOLOR
148	"DEL" "DEL" DEFAULTCOLOR
149	"PGDN" "PGDN" DEFAULTCOLOR
150	"PGUP" "PGUP" DEFAULTCOLOR
151	"HOME" "HOME" DEFAULTCOLOR
152	"END" "END" DEFAULTCOLOR
153	"<UNKNOWN KEYNUM>" "<UNKNOWN KEYNUM>" DEFAULTCOLOR
154	"<UNKNOWN KEYNUM>" "<UNKNOWN KEYNUM>" DEFAULTCOLOR
155	"<UNKNOWN KEYNUM>" "<UNKNOWN KEYNUM>" DEFAULTCOLOR
156	"<UNKNOWN KEYNUM>" "<UNKNOWN KEYNUM>" DEFAULTCOLOR
157	"<UNKNOWN KEYNUM>" "<UNKNOWN KEYNUM>" DEFAULTCOLOR
158	"<UNKNOWN KEYNUM>" "<UNKNOWN KEYNUM>" DEFAULTCOLOR
159	"<UNKNOWN KEYNUM>" "<UNKNOWN KEYNUM>" DEFAULTCOLOR
160	"KP_HOME" "KP_HOME" DEFAULTCOLOR
161	"KP_UPARROW" "KP_UPARROW" DEFAULTCOLOR
162	"KP_PGUP" "KP_PGUP" DEFAULTCOLOR
163	"KP_LEFTARROW" "KP_LEFTARROW" DEFAULTCOLOR
164	"KP_5" "KP_5" DEFAULTCOLOR
165	"KP_RIGHTARROW" "KP_RIGHTARROW" DEFAULTCOLOR
166	"KP_END" "KP_END" DEFAULTCOLOR
167	"KP_DOWNARROW" "KP_DOWNARROW" DEFAULTCOLOR
168	"KP_PGDN" "KP_PGDN" DEFAULTCOLOR
169	"KP_ENTER" "KP_ENTER" DEFAULTCOLOR
170	"KP_INS" "KP_INS" DEFAULTCOLOR
171	"KP_DEL" "KP_DEL" DEFAULTCOLOR
172	"KP_SLASH" "KP_SLASH" DEFAULTCOLOR
173	"KP_MINUS" "KP_MINUS" DEFAULTCOLOR
174	"KP_PLUS" "KP_PLUS" DEFAULTCOLOR
175	"CAPSLOCK" "CAPSLOCK" DEFAULTCOLOR
176	"<UNKNOWN KEYNUM>" "<UNKNOWN KEYNUM>" DEFAULTCOLOR
177	"<UNKNOWN KEYNUM>" "<UNKNOWN KEYNUM>" DEFAULTCOLOR
178	"<UNKNOWN KEYNUM>" "<UNKNOWN KEYNUM>" DEFAULTCOLOR
179	"<UNKNOWN KEYNUM>" "<UNKNOWN KEYNUM>" DEFAULTCOLOR
180	"<UNKNOWN KEYNUM>" "<UNKNOWN KEYNUM>" DEFAULTCOLOR
181	"<UNKNOWN KEYNUM>" "<UNKNOWN KEYNUM>" DEFAULTCOLOR
182	"<UNKNOWN KEYNUM>" "<UNKNOWN KEYNUM>" DEFAULTCOLOR
183	"<UNKNOWN KEYNUM>" "<UNKNOWN KEYNUM>" DEFAULTCOLOR
184	"<UNKNOWN KEYNUM>" "<UNKNOWN KEYNUM>" DEFAULTCOLOR
185	"<UNKNOWN KEYNUM>" "<UNKNOWN KEYNUM>" DEFAULTCOLOR
186	"<UNKNOWN KEYNUM>" "<UNKNOWN KEYNUM>" DEFAULTCOLOR
187	"<UNKNOWN KEYNUM>" "<UNKNOWN KEYNUM>" DEFAULTCOLOR
188	"<UNKNOWN KEYNUM>" "<UNKNOWN KEYNUM>" DEFAULTCOLOR
189	"<UNKNOWN KEYNUM>" "<UNKNOWN KEYNUM>" DEFAULTCOLOR
190	"<UNKNOWN KEYNUM>" "<UNKNOWN KEYNUM>" DEFAULTCOLOR
191	"<UNKNOWN KEYNUM>" "<UNKNOWN KEYNUM>" DEFAULTCOLOR
192	"<UNKNOWN KEYNUM>" "<UNKNOWN KEYNUM>" DEFAULTCOLOR
193	"<UNKNOWN KEYNUM>" "<UNKNOWN KEYNUM>" DEFAULTCOLOR
194	"<UNKNOWN KEYNUM>" "<UNKNOWN KEYNUM>" DEFAULTCOLOR
195	"<UNKNOWN KEYNUM>" "<UNKNOWN KEYNUM>" DEFAULTCOLOR
196	"<UNKNOWN KEYNUM>" "<UNKNOWN KEYNUM>" DEFAULTCOLOR
197	"<UNKNOWN KEYNUM>" "<UNKNOWN KEYNUM>" DEFAULTCOLOR
198	"<UNKNOWN KEYNUM>" "<UNKNOWN KEYNUM>" DEFAULTCOLOR
199	"<UNKNOWN KEYNUM>" "<UNKNOWN KEYNUM>" DEFAULTCOLOR
200	"<UNKNOWN KEYNUM>" "<UNKNOWN KEYNUM>" DEFAULTCOLOR1
201	"<UNKNOWN KEYNUM>" "<UNKNOWN KEYNUM>" DEFAULTCOLOR
202	"<UNKNOWN KEYNUM>" "<UNKNOWN KEYNUM>" DEFAULTCOLOR
203	"JOY1" "JOY1" COLOR 255 0 0
204	"JOY2" "JOY2" COLOR 255 0 0
205	"JOY3" "JOY3" COLOR 255 0 0 
206	"JOY4" "JOY4" COLOR 255 0 0
207	"AUX1" "AUX1" DEFAULTCOLOR
208	"AUX2" "AUX2" DEFAULTCOLOR
209	"AUX3" "AUX3" DEFAULTCOLOR
210	"AUX4" "AUX4" DEFAULTCOLOR
211	"AUX5" "AUX5" DEFAULTCOLOR
212	"AUX6" "AUX6" DEFAULTCOLOR
213	"AUX7" "AUX7" DEFAULTCOLOR
214	"AUX8" "AUX8" DEFAULTCOLOR
215	"AUX9" "AUX9" DEFAULTCOLOR
216	"AUX10" "AUX10" DEFAULTCOLOR
217	"AUX11" "AUX11" DEFAULTCOLOR
218	"AUX12" "AUX12" DEFAULTCOLOR
219	"AUX13" "AUX13" DEFAULTCOLOR
220	"AUX14" "AUX14" DEFAULTCOLOR
221	"AUX15" "AUX15" DEFAULTCOLOR
222	"AUX16" "AUX16" DEFAULTCOLOR
223	"AUX17" "AUX17" DEFAULTCOLOR
224	"AUX18" "AUX18" DEFAULTCOLOR
225	"AUX19" "AUX19" DEFAULTCOLOR
226	"AUX20" "AUX20" DEFAULTCOLOR
227	"AUX21" "AUX21" DEFAULTCOLOR
228	"AUX22" "AUX22" DEFAULTCOLOR
229	"AUX23" "AUX23" DEFAULTCOLOR
230	"AUX24" "AUX24" DEFAULTCOLOR
231	"AUX25" "AUX25" DEFAULTCOLOR
232	"AUX26" "AUX26" DEFAULTCOLOR
233	"AUX27" "AUX27" DEFAULTCOLOR
234	"AUX28" "AUX28" DEFAULTCOLOR
235	"AUX29" "AUX29" DEFAULTCOLOR
236	"AUX30" "AUX30" DEFAULTCOLOR
237	"AUX31" "AUX31" DEFAULTCOLOR
238	"AUX32" "AUX32" DEFAULTCOLOR
239	"MWHEELDOWN" "MWHEELDOWN" DEFAULTCOLOR
240	"MWHEELUP" "MWHEELUP" DEFAULTCOLOR
241	"MOUSE1" "MOUSE1" COLOR 0 255 255
242	"MOUSE2" "MOUSE2" COLOR 0 255 255
243	"MOUSE3" "MOUSE3" COLOR 0 255 255
244	"MOUSE4" "MOUSE4" COLOR 0 255 255
245	"MOUSE5" "MOUSE5" COLOR 0 255 255
246	"<UNKNOWN KEYNUM>" "<UNKNOWN KEYNUM>" DEFAULTCOLOR
247	"<UNKNOWN KEYNUM>" "<UNKNOWN KEYNUM>" DEFAULTCOLOR
248	"<UNKNOWN KEYNUM>" "<UNKNOWN KEYNUM>" DEFAULTCOLOR
249	"<UNKNOWN KEYNUM>" "<UNKNOWN KEYNUM>" DEFAULTCOLOR
250	"<UNKNOWN KEYNUM>" "<UNKNOWN KEYNUM>" DEFAULTCOLOR
251	"<UNKNOWN KEYNUM>" "<UNKNOWN KEYNUM>" DEFAULTCOLOR
252	"<UNKNOWN KEYNUM>" "<UNKNOWN KEYNUM>" DEFAULTCOLOR
253	"<UNKNOWN KEYNUM>" "<UNKNOWN KEYNUM>" DEFAULTCOLOR
254	"<UNKNOWN KEYNUM>" "<UNKNOWN KEYNUM>" DEFAULTCOLOR
255	"PAUSE" "PAUSE" DEFAULTCOLOR
